POST /api/games?accessToken=00000000-0000-0000-0000-000000000002&timestamp=1234567890
X-Signature: ewogICJnYW1lQ29udGV4dCIgOiB7CiAgICAic29sbyIgOiB7CiAgICAgICJnYW1lTW9kZSIgOiAidGltZWQiLAogICAgICAibGFuZ3VhZ2UiIDogImVuIiwKICAgICAgInB1enpsZSIgOiBbCiAgICAgICAgWwogICAgICAgICAgWwogICAgICAgICAgICB7CiAgICAgICAgICAgICAgImxlZnQiIDogewogICAgICAgICAgICAgICAgImxldHRlciIgOiAiQSIsCiAgICAgICAgICAgICAgICAic2lkZSIgOiAxCiAgICAgICAgICAgICAgfSwKICAgICAgICAgICAgICAicmlnaHQiIDogewogICAgICAgICAgICAgICAgImxldHRlciIgOiAiQiIsCiAgICAgICAgICAgICAgICAic2lkZSIgOiAyCiAgICAgICAgICAgICAgfSwKICAgICAgICAgICAgICAidG9wIiA6IHsKICAgICAgICAgICAgICAgICJsZXR0ZXIiIDogIkMiLAogICAgICAgICAgICAgICAgInNpZGUiIDogMAogICAgICAgICAgICAgIH0KICAgICAgICAgICAgfSwKICAgICAgICAgICAgewogICAgICAgICAgICAgICJsZWZ0IiA6IHsKICAgICAgICAgICAgICAgICJsZXR0ZXIiIDogIkEiLAogICAgICAgICAgICAgICAgInNpZGUiIDogMQogICAgICAgICAgICAgIH0sCiAgICAgICAgICAgICAgInJpZ2h0IiA6IHsKICAgICAgICAgICAgICAgICJsZXR0ZXIiIDogIkIiLAogICAgICAgICAgICAgICAgInNpZGUiIDogMgogICAgICAgICAgICAgIH0sCiAgICAgICAgICAgICAgInRvcCIgOiB7CiAgICAgICAgICAgICAgICAibGV0dGVyIiA6ICJDIiwKICAgICAgICAgICAgICAgICJzaWRlIiA6IDAKICAgICAgICAgICAgICB9CiAgICAgICAgICAgIH0sCiAgICAgICAgICAgIHsKICAgICAgICAgICAgICAibGVmdCIgOiB7CiAgICAgICAgICAgICAgICAibGV0dGVyIiA6ICJBIiwKICAgICAgICAgICAgICAgICJzaWRlIiA6IDEKICAgICAgICAgICAgICB9LAogICAgICAgICAgICAgICJyaWdodCIgOiB7CiAgICAgICAgICAgICAgICAibGV0dGVyIiA6ICJCIiwKICAgICAgICAgICAgICAgICJzaWRlIiA6IDIKICAgICAgICAgICAgICB9LAogICAgICAgICAgICAgICJ0b3AiIDogewogICAgICAgICAgICAgICAgImxldHRlciIgOiAiQyIsCiAgICAgICAgICAgICAgICAic2lkZSIgOiAwCiAgICAgICAgICAgICAgfQogICAgICAgICAgICB9CiAgICAgICAgICBdLAogICAgICAgICAgWwogICAgICAgICAgICB7CiAgICAgICAgICAgICAgImxlZnQiIDogewogICAgICAgICAgICAgICAgImxldHRlciIgOiAiQSIsCiAgICAgICAgICAgICAgICAic2lkZSIgOiAxCiAgICAgICAgICAgICAgfSwKICAgICAgICAgICAgICAicmlnaHQiIDogewogICAgICAgICAgICAgICAgImxldHRlciIgOiAiQiIsCiAgICAgICAgICAgICAgICAic2lkZSIgOiAyCiAgICAgICAgICAgICAgfSwKICAgICAgICAgICAgICAidG9wIiA6IHsKICAgICAgICAgICAgICAgICJsZXR0ZXIiIDogIkMiLAogICAgICAgICAgICAgICAgInNpZGUiIDogMAogICAgICAgICAgICAgIH0KICAgICAgICAgICAgfSwKICAgICAgICAgICAgewogICAgICAgICAgICAgICJsZWZ0IiA6IHsKICAgICAgICAgICAgICAgICJsZXR0ZXIiIDogIkEiLAogICAgICAgICAgICAgICAgInNpZGUiIDogMQogICAgICAgICAgICAgIH0sCiAgICAgICAgICAgICAgInJpZ2h0IiA6IHsKICAgICAgICAgICAgICAgICJsZXR0ZXIiIDogIkIiLAogICAgICAgICAgICAgICAgInNpZGUiIDogMgogICAgICAgICAgICAgIH0sCiAgICAgICAgICAgICAgInRvcCIgOiB7CiAgICAgICAgICAgICAgICAibGV0dGVyIiA6ICJDIiwKICAgICAgICAgICAgICAgICJzaWRlIiA6IDAKICAgICAgICAgICAgICB9CiAgICAgICAgICAgIH0sCiAgICAgICAgICAgIHsKICAgICAgICAgICAgICAibGVmdCIgOiB7CiAgICAgICAgICAgICAgICAibGV0dGVyIiA6ICJBIiwKICAgICAgICAgICAgICAgICJzaWRlIiA6IDEKICAgICAgICAgICAgICB9LAogICAgICAgICAgICAgICJyaWdodCIgOiB7CiAgICAgICAgICAgICAgICAibGV0dGVyIiA6ICJCIiwKICAgICAgICAgICAgICAgICJzaWRlIiA6IDIKICAgICAgICAgICAgICB9LAogICAgICAgICAgICAgICJ0b3AiIDogewogICAgICAgICAgICAgICAgImxldHRlciIgOiAiQyIsCiAgICAgICAgICAgICAgICAic2lkZSIgOiAwCiAgICAgICAgICAgICAgfQogICAgICAgICAgICB9CiAgICAgICAgICBdLAogICAgICAgICAgWwogICAgICAgICAgICB7CiAgICAgICAgICAgICAgImxlZnQiIDogewogICAgICAgICAgICAgICAgImxldHRlciIgOiAiQSIsCiAgICAgICAgICAgICAgICAic2lkZSIgOiAxCiAgICAgICAgICAgICAgfSwKICAgICAgICAgICAgICAicmlnaHQiIDogewogICAgICAgICAgICAgICAgImxldHRlciIgOiAiQiIsCiAgICAgICAgICAgICAgICAic2lkZSIgOiAyCiAgICAgICAgICAgICAgfSwKICAgICAgICAgICAgICAidG9wIiA6IHsKICAgICAgICAgICAgICAgICJsZXR0ZXIiIDogIkMiLAogICAgICAgICAgICAgICAgInNpZGUiIDogMAogICAgICAgICAgICAgIH0KICAgICAgICAgICAgfSwKICAgICAgICAgICAgewogICAgICAgICAgICAgICJsZWZ0IiA6IHsKICAgICAgICAgICAgICAgICJsZXR0ZXIiIDogIkEiLAogICAgICAgICAgICAgICAgInNpZGUiIDogMQogICAgICAgICAgICAgIH0sCiAgICAgICAgICAgICAgInJpZ2h0IiA6IHsKICAgICAgICAgICAgICAgICJsZXR0ZXIiIDogIkIiLAogICAgICAgICAgICAgICAgInNpZGUiIDogMgogICAgICAgICAgICAgIH0sCiAgICAgICAgICAgICAgInRvcCIgOiB7CiAgICAgICAgICAgICAgICAibGV0dGVyIiA6ICJDIiwKICAgICAgICAgICAgICAgICJzaWRlIiA6IDAKICAgICAgICAgICAgICB9CiAgICAgICAgICAgIH0sCiAgICAgICAgICAgIHsKICAgICAgICAgICAgICAibGVmdCIgOiB7CiAgICAgICAgICAgICAgICAibGV0dGVyIiA6ICJBIiwKICAgICAgICAgICAgICAgICJzaWRlIiA6IDEKICAgICAgICAgICAgICB9LAogICAgICAgICAgICAgICJyaWdodCIgOiB7CiAgICAgICAgICAgICAgICAibGV0dGVyIiA6ICJCIiwKICAgICAgICAgICAgICAgICJzaWRlIiA6IDIKICAgICAgICAgICAgICB9LAogICAgICAgICAgICAgICJ0b3AiIDogewogICAgICAgICAgICAgICAgImxldHRlciIgOiAiQyIsCiAgICAgICAgICAgICAgICAic2lkZSIgOiAwCiAgICAgICAgICAgICAgfQogICAgICAgICAgICB9CiAgICAgICAgICBdCiAgICAgICAgXSwKICAgICAgICBbCiAgICAgICAgICBbCiAgICAgICAgICAgIHsKICAgICAgICAgICAgICAibGVmdCIgOiB7CiAgICAgICAgICAgICAgICAibGV0dGVyIiA6ICJBIiwKICAgICAgICAgICAgICAgICJzaWRlIiA6IDEKICAgICAgICAgICAgICB9LAogICAgICAgICAgICAgICJyaWdodCIgOiB7CiAgICAgICAgICAgICAgICAibGV0dGVyIiA6ICJCIiwKICAgICAgICAgICAgICAgICJzaWRlIiA6IDIKICAgICAgICAgICAgICB9LAogICAgICAgICAgICAgICJ0b3AiIDogewogICAgICAgICAgICAgICAgImxldHRlciIgOiAiQyIsCiAgICAgICAgICAgICAgICAic2lkZSIgOiAwCiAgICAgICAgICAgICAgfQogICAgICAgICAgICB9LAogICAgICAgICAgICB7CiAgICAgICAgICAgICAgImxlZnQiIDogewogICAgICAgICAgICAgICAgImxldHRlciIgOiAiQSIsCiAgICAgICAgICAgICAgICAic2lkZSIgOiAxCiAgICAgICAgICAgICAgfSwKICAgICAgICAgICAgICAicmlnaHQiIDogewogICAgICAgICAgICAgICAgImxldHRlciIgOiAiQiIsCiAgICAgICAgICAgICAgICAic2lkZSIgOiAyCiAgICAgICAgICAgICAgfSwKICAgICAgICAgICAgICAidG9wIiA6IHsKICAgICAgICAgICAgICAgICJsZXR0ZXIiIDogIkMiLAogICAgICAgICAgICAgICAgInNpZGUiIDogMAogICAgICAgICAgICAgIH0KICAgICAgICAgICAgfSwKICAgICAgICAgICAgewogICAgICAgICAgICAgICJsZWZ0IiA6IHsKICAgICAgICAgICAgICAgICJsZXR0ZXIiIDogIkEiLAogICAgICAgICAgICAgICAgInNpZGUiIDogMQogICAgICAgICAgICAgIH0sCiAgICAgICAgICAgICAgInJpZ2h0IiA6IHsKICAgICAgICAgICAgICAgICJsZXR0ZXIiIDogIkIiLAogICAgICAgICAgICAgICAgInNpZGUiIDogMgogICAgICAgICAgICAgIH0sCiAgICAgICAgICAgICAgInRvcCIgOiB7CiAgICAgICAgICAgICAgICAibGV0dGVyIiA6ICJDIiwKICAgICAgICAgICAgICAgICJzaWRlIiA6IDAKICAgICAgICAgICAgICB9CiAgICAgICAgICAgIH0KICAgICAgICAgIF0sCiAgICAgICAgICBbCiAgICAgICAgICAgIHsKICAgICAgICAgICAgICAibGVmdCIgOiB7CiAgICAgICAgICAgICAgICAibGV0dGVyIiA6ICJBIiwKICAgICAgICAgICAgICAgICJzaWRlIiA6IDEKICAgICAgICAgICAgICB9LAogICAgICAgICAgICAgICJyaWdodCIgOiB7CiAgICAgICAgICAgICAgICAibGV0dGVyIiA6ICJCIiwKICAgICAgICAgICAgICAgICJzaWRlIiA6IDIKICAgICAgICAgICAgICB9LAogICAgICAgICAgICAgICJ0b3AiIDogewogICAgICAgICAgICAgICAgImxldHRlciIgOiAiQyIsCiAgICAgICAgICAgICAgICAic2lkZSIgOiAwCiAgICAgICAgICAgICAgfQogICAgICAgICAgICB9LAogICAgICAgICAgICB7CiAgICAgICAgICAgICAgImxlZnQiIDogewogICAgICAgICAgICAgICAgImxldHRlciIgOiAiQSIsCiAgICAgICAgICAgICAgICAic2lkZSIgOiAxCiAgICAgICAgICAgICAgfSwKICAgICAgICAgICAgICAicmlnaHQiIDogewogICAgICAgICAgICAgICAgImxldHRlciIgOiAiQiIsCiAgICAgICAgICAgICAgICAic2lkZSIgOiAyCiAgICAgICAgICAgICAgfSwKICAgICAgICAgICAgICAidG9wIiA6IHsKICAgICAgICAgICAgICAgICJsZXR0ZXIiIDogIkMiLAogICAgICAgICAgICAgICAgInNpZGUiIDogMAogICAgICAgICAgICAgIH0KICAgICAgICAgICAgfSwKICAgICAgICAgICAgewogICAgICAgICAgICAgICJsZWZ0IiA6IHsKICAgICAgICAgICAgICAgICJsZXR0ZXIiIDogIkEiLAogICAgICAgICAgICAgICAgInNpZGUiIDogMQogICAgICAgICAgICAgIH0sCiAgICAgICAgICAgICAgInJpZ2h0IiA6IHsKICAgICAgICAgICAgICAgICJsZXR0ZXIiIDogIkIiLAogICAgICAgICAgICAgICAgInNpZGUiIDogMgogICAgICAgICAgICAgIH0sCiAgICAgICAgICAgICAgInRvcCIgOiB7CiAgICAgICAgICAgICAgICAibGV0dGVyIiA6ICJDIiwKICAgICAgICAgICAgICAgICJzaWRlIiA6IDAKICAgICAgICAgICAgICB9CiAgICAgICAgICAgIH0KICAgICAgICAgIF0sCiAgICAgICAgICBbCiAgICAgICAgICAgIHsKICAgICAgICAgICAgICAibGVmdCIgOiB7CiAgICAgICAgICAgICAgICAibGV0dGVyIiA6ICJBIiwKICAgICAgICAgICAgICAgICJzaWRlIiA6IDEKICAgICAgICAgICAgICB9LAogICAgICAgICAgICAgICJyaWdodCIgOiB7CiAgICAgICAgICAgICAgICAibGV0dGVyIiA6ICJCIiwKICAgICAgICAgICAgICAgICJzaWRlIiA6IDIKICAgICAgICAgICAgICB9LAogICAgICAgICAgICAgICJ0b3AiIDogewogICAgICAgICAgICAgICAgImxldHRlciIgOiAiQyIsCiAgICAgICAgICAgICAgICAic2lkZSIgOiAwCiAgICAgICAgICAgICAgfQogICAgICAgICAgICB9LAogICAgICAgICAgICB7CiAgICAgICAgICAgICAgImxlZnQiIDogewogICAgICAgICAgICAgICAgImxldHRlciIgOiAiQSIsCiAgICAgICAgICAgICAgICAic2lkZSIgOiAxCiAgICAgICAgICAgICAgfSwKICAgICAgICAgICAgICAicmlnaHQiIDogewogICAgICAgICAgICAgICAgImxldHRlciIgOiAiQiIsCiAgICAgICAgICAgICAgICAic2lkZSIgOiAyCiAgICAgICAgICAgICAgfSwKICAgICAgICAgICAgICAidG9wIiA6IHsKICAgICAgICAgICAgICAgICJsZXR0ZXIiIDogIkMiLAogICAgICAgICAgICAgICAgInNpZGUiIDogMAogICAgICAgICAgICAgIH0KICAgICAgICAgICAgfSwKICAgICAgICAgICAgewogICAgICAgICAgICAgICJsZWZ0IiA6IHsKICAgICAgICAgICAgICAgICJsZXR0ZXIiIDogIkEiLAogICAgICAgICAgICAgICAgInNpZGUiIDogMQogICAgICAgICAgICAgIH0sCiAgICAgICAgICAgICAgInJpZ2h0IiA6IHsKICAgICAgICAgICAgICAgICJsZXR0ZXIiIDogIkIiLAogICAgICAgICAgICAgICAgInNpZGUiIDogMgogICAgICAgICAgICAgIH0sCiAgICAgICAgICAgICAgInRvcCIgOiB7CiAgICAgICAgICAgICAgICAibGV0dGVyIiA6ICJDIiwKICAgICAgICAgICAgICAgICJzaWRlIiA6IDAKICAgICAgICAgICAgICB9CiAgICAgICAgICAgIH0KICAgICAgICAgIF0KICAgICAgICBdLAogICAgICAgIFsKICAgICAgICAgIFsKICAgICAgICAgICAgewogICAgICAgICAgICAgICJsZWZ0IiA6IHsKICAgICAgICAgICAgICAgICJsZXR0ZXIiIDogIkEiLAogICAgICAgICAgICAgICAgInNpZGUiIDogMQogICAgICAgICAgICAgIH0sCiAgICAgICAgICAgICAgInJpZ2h0IiA6IHsKICAgICAgICAgICAgICAgICJsZXR0ZXIiIDogIkIiLAogICAgICAgICAgICAgICAgInNpZGUiIDogMgogICAgICAgICAgICAgIH0sCiAgICAgICAgICAgICAgInRvcCIgOiB7CiAgICAgICAgICAgICAgICAibGV0dGVyIiA6ICJDIiwKICAgICAgICAgICAgICAgICJzaWRlIiA6IDAKICAgICAgICAgICAgICB9CiAgICAgICAgICAgIH0sCiAgICAgICAgICAgIHsKICAgICAgICAgICAgICAibGVmdCIgOiB7CiAgICAgICAgICAgICAgICAibGV0dGVyIiA6ICJBIiwKICAgICAgICAgICAgICAgICJzaWRlIiA6IDEKICAgICAgICAgICAgICB9LAogICAgICAgICAgICAgICJyaWdodCIgOiB7CiAgICAgICAgICAgICAgICAibGV0dGVyIiA6ICJCIiwKICAgICAgICAgICAgICAgICJzaWRlIiA6IDIKICAgICAgICAgICAgICB9LAogICAgICAgICAgICAgICJ0b3AiIDogewogICAgICAgICAgICAgICAgImxldHRlciIgOiAiQyIsCiAgICAgICAgICAgICAgICAic2lkZSIgOiAwCiAgICAgICAgICAgICAgfQogICAgICAgICAgICB9LAogICAgICAgICAgICB7CiAgICAgICAgICAgICAgImxlZnQiIDogewogICAgICAgICAgICAgICAgImxldHRlciIgOiAiQSIsCiAgICAgICAgICAgICAgICAic2lkZSIgOiAxCiAgICAgICAgICAgICAgfSwKICAgICAgICAgICAgICAicmlnaHQiIDogewogICAgICAgICAgICAgICAgImxldHRlciIgOiAiQiIsCiAgICAgICAgICAgICAgICAic2lkZSIgOiAyCiAgICAgICAgICAgICAgfSwKICAgICAgICAgICAgICAidG9wIiA6IHsKICAgICAgICAgICAgICAgICJsZXR0ZXIiIDogIkMiLAogICAgICAgICAgICAgICAgInNpZGUiIDogMAogICAgICAgICAgICAgIH0KICAgICAgICAgICAgfQogICAgICAgICAgXSwKICAgICAgICAgIFsKICAgICAgICAgICAgewogICAgICAgICAgICAgICJsZWZ0IiA6IHsKICAgICAgICAgICAgICAgICJsZXR0ZXIiIDogIkEiLAogICAgICAgICAgICAgICAgInNpZGUiIDogMQogICAgICAgICAgICAgIH0sCiAgICAgICAgICAgICAgInJpZ2h0IiA6IHsKICAgICAgICAgICAgICAgICJsZXR0ZXIiIDogIkIiLAogICAgICAgICAgICAgICAgInNpZGUiIDogMgogICAgICAgICAgICAgIH0sCiAgICAgICAgICAgICAgInRvcCIgOiB7CiAgICAgICAgICAgICAgICAibGV0dGVyIiA6ICJDIiwKICAgICAgICAgICAgICAgICJzaWRlIiA6IDAKICAgICAgICAgICAgICB9CiAgICAgICAgICAgIH0sCiAgICAgICAgICAgIHsKICAgICAgICAgICAgICAibGVmdCIgOiB7CiAgICAgICAgICAgICAgICAibGV0dGVyIiA6ICJBIiwKICAgICAgICAgICAgICAgICJzaWRlIiA6IDEKICAgICAgICAgICAgICB9LAogICAgICAgICAgICAgICJyaWdodCIgOiB7CiAgICAgICAgICAgICAgICAibGV0dGVyIiA6ICJCIiwKICAgICAgICAgICAgICAgICJzaWRlIiA6IDIKICAgICAgICAgICAgICB9LAogICAgICAgICAgICAgICJ0b3AiIDogewogICAgICAgICAgICAgICAgImxldHRlciIgOiAiQyIsCiAgICAgICAgICAgICAgICAic2lkZSIgOiAwCiAgICAgICAgICAgICAgfQogICAgICAgICAgICB9LAogICAgICAgICAgICB7CiAgICAgICAgICAgICAgImxlZnQiIDogewogICAgICAgICAgICAgICAgImxldHRlciIgOiAiQSIsCiAgICAgICAgICAgICAgICAic2lkZSIgOiAxCiAgICAgICAgICAgICAgfSwKICAgICAgICAgICAgICAicmlnaHQiIDogewogICAgICAgICAgICAgICAgImxldHRlciIgOiAiQiIsCiAgICAgICAgICAgICAgICAic2lkZSIgOiAyCiAgICAgICAgICAgICAgfSwKICAgICAgICAgICAgICAidG9wIiA6IHsKICAgICAgICAgICAgICAgICJsZXR0ZXIiIDogIkMiLAogICAgICAgICAgICAgICAgInNpZGUiIDogMAogICAgICAgICAgICAgIH0KICAgICAgICAgICAgfQogICAgICAgICAgXSwKICAgICAgICAgIFsKICAgICAgICAgICAgewogICAgICAgICAgICAgICJsZWZ0IiA6IHsKICAgICAgICAgICAgICAgICJsZXR0ZXIiIDogIkEiLAogICAgICAgICAgICAgICAgInNpZGUiIDogMQogICAgICAgICAgICAgIH0sCiAgICAgICAgICAgICAgInJpZ2h0IiA6IHsKICAgICAgICAgICAgICAgICJsZXR0ZXIiIDogIkIiLAogICAgICAgICAgICAgICAgInNpZGUiIDogMgogICAgICAgICAgICAgIH0sCiAgICAgICAgICAgICAgInRvcCIgOiB7CiAgICAgICAgICAgICAgICAibGV0dGVyIiA6ICJDIiwKICAgICAgICAgICAgICAgICJzaWRlIiA6IDAKICAgICAgICAgICAgICB9CiAgICAgICAgICAgIH0sCiAgICAgICAgICAgIHsKICAgICAgICAgICAgICAibGVmdCIgOiB7CiAgICAgICAgICAgICAgICAibGV0dGVyIiA6ICJBIiwKICAgICAgICAgICAgICAgICJzaWRlIiA6IDEKICAgICAgICAgICAgICB9LAogICAgICAgICAgICAgICJyaWdodCIgOiB7CiAgICAgICAgICAgICAgICAibGV0dGVyIiA6ICJCIiwKICAgICAgICAgICAgICAgICJzaWRlIiA6IDIKICAgICAgICAgICAgICB9LAogICAgICAgICAgICAgICJ0b3AiIDogewogICAgICAgICAgICAgICAgImxldHRlciIgOiAiQyIsCiAgICAgICAgICAgICAgICAic2lkZSIgOiAwCiAgICAgICAgICAgICAgfQogICAgICAgICAgICB9LAogICAgICAgICAgICB7CiAgICAgICAgICAgICAgImxlZnQiIDogewogICAgICAgICAgICAgICAgImxldHRlciIgOiAiQSIsCiAgICAgICAgICAgICAgICAic2lkZSIgOiAxCiAgICAgICAgICAgICAgfSwKICAgICAgICAgICAgICAicmlnaHQiIDogewogICAgICAgICAgICAgICAgImxldHRlciIgOiAiQiIsCiAgICAgICAgICAgICAgICAic2lkZSIgOiAyCiAgICAgICAgICAgICAgfSwKICAgICAgICAgICAgICAidG9wIiA6IHsKICAgICAgICAgICAgICAgICJsZXR0ZXIiIDogIkMiLAogICAgICAgICAgICAgICAgInNpZGUiIDogMAogICAgICAgICAgICAgIH0KICAgICAgICAgICAgfQogICAgICAgICAgXQogICAgICAgIF0KICAgICAgXQogICAgfQogIH0sCiAgIm1vdmVzIiA6IFsKICAgIHsKICAgICAgInBsYXllZEF0IiA6IDI1NjI2MDY5MCwKICAgICAgInNjb3JlIiA6IDI3LAogICAgICAidHlwZSIgOiB7CiAgICAgICAgInBsYXllZFdvcmQiIDogWwogICAgICAgICAgewogICAgICAgICAgICAiaW5kZXgiIDogewogICAgICAgICAgICAgICJ4IiA6IDIsCiAgICAgICAgICAgICAgInkiIDogMiwKICAgICAgICAgICAgICAieiIgOiAyCiAgICAgICAgICAgIH0sCiAgICAgICAgICAgICJzaWRlIiA6IDAKICAgICAgICAgIH0sCiAgICAgICAgICB7CiAgICAgICAgICAgICJpbmRleCIgOiB7CiAgICAgICAgICAgICAgIngiIDogMiwKICAgICAgICAgICAgICAieSIgOiAyLAogICAgICAgICAgICAgICJ6IiA6IDIKICAgICAgICAgICAgfSwKICAgICAgICAgICAgInNpZGUiIDogMQogICAgICAgICAgfSwKICAgICAgICAgIHsKICAgICAgICAgICAgImluZGV4IiA6IHsKICAgICAgICAgICAgICAieCIgOiAyLAogICAgICAgICAgICAgICJ5IiA6IDIsCiAgICAgICAgICAgICAgInoiIDogMgogICAgICAgICAgICB9LAogICAgICAgICAgICAic2lkZSIgOiAyCiAgICAgICAgICB9CiAgICAgICAgXQogICAgICB9CiAgICB9CiAgXQp9LS0tLVNFQ1JFVF9ERUFEQkVFRi0tLS0xMjM0NTY3ODkw

{
  "gameContext" : {
    "solo" : {
      "gameMode" : "timed",
      "language" : "en",
      "puzzle" : [
        [
          [
            {
              "left" : {
                "letter" : "A",
                "side" : 1
              },
              "right" : {
                "letter" : "B",
                "side" : 2
              },
              "top" : {
                "letter" : "C",
                "side" : 0
              }
            },
            {
              "left" : {
                "letter" : "A",
                "side" : 1
              },
              "right" : {
                "letter" : "B",
                "side" : 2
              },
              "top" : {
                "letter" : "C",
                "side" : 0
              }
            },
            {
              "left" : {
                "letter" : "A",
                "side" : 1
              },
              "right" : {
                "letter" : "B",
                "side" : 2
              },
              "top" : {
                "letter" : "C",
                "side" : 0
              }
            }
          ],
          [
            {
              "left" : {
                "letter" : "A",
                "side" : 1
              },
              "right" : {
                "letter" : "B",
                "side" : 2
              },
              "top" : {
                "letter" : "C",
                "side" : 0
              }
            },
            {
              "left" : {
                "letter" : "A",
                "side" : 1
              },
              "right" : {
                "letter" : "B",
                "side" : 2
              },
              "top" : {
                "letter" : "C",
                "side" : 0
              }
            },
            {
              "left" : {
                "letter" : "A",
                "side" : 1
              },
              "right" : {
                "letter" : "B",
                "side" : 2
              },
              "top" : {
                "letter" : "C",
                "side" : 0
              }
            }
          ],
          [
            {
              "left" : {
                "letter" : "A",
                "side" : 1
              },
              "right" : {
                "letter" : "B",
                "side" : 2
              },
              "top" : {
                "letter" : "C",
                "side" : 0
              }
            },
            {
              "left" : {
                "letter" : "A",
                "side" : 1
              },
              "right" : {
                "letter" : "B",
                "side" : 2
              },
              "top" : {
                "letter" : "C",
                "side" : 0
              }
            },
            {
              "left" : {
                "letter" : "A",
                "side" : 1
              },
              "right" : {
                "letter" : "B",
                "side" : 2
              },
              "top" : {
                "letter" : "C",
                "side" : 0
              }
            }
          ]
        ],
        [
          [
            {
              "left" : {
                "letter" : "A",
                "side" : 1
              },
              "right" : {
                "letter" : "B",
                "side" : 2
              },
              "top" : {
                "letter" : "C",
                "side" : 0
              }
            },
            {
              "left" : {
                "letter" : "A",
                "side" : 1
              },
              "right" : {
                "letter" : "B",
                "side" : 2
              },
              "top" : {
                "letter" : "C",
                "side" : 0
              }
            },
            {
              "left" : {
                "letter" : "A",
                "side" : 1
              },
              "right" : {
                "letter" : "B",
                "side" : 2
              },
              "top" : {
                "letter" : "C",
                "side" : 0
              }
            }
          ],
          [
            {
              "left" : {
                "letter" : "A",
                "side" : 1
              },
              "right" : {
                "letter" : "B",
                "side" : 2
              },
              "top" : {
                "letter" : "C",
                "side" : 0
              }
            },
            {
              "left" : {
                "letter" : "A",
                "side" : 1
              },
              "right" : {
                "letter" : "B",
                "side" : 2
              },
              "top" : {
                "letter" : "C",
                "side" : 0
              }
            },
            {
              "left" : {
                "letter" : "A",
                "side" : 1
              },
              "right" : {
                "letter" : "B",
                "side" : 2
              },
              "top" : {
                "letter" : "C",
                "side" : 0
              }
            }
          ],
          [
            {
              "left" : {
                "letter" : "A",
                "side" : 1
              },
              "right" : {
                "letter" : "B",
                "side" : 2
              },
              "top" : {
                "letter" : "C",
                "side" : 0
              }
            },
            {
              "left" : {
                "letter" : "A",
                "side" : 1
              },
              "right" : {
                "letter" : "B",
                "side" : 2
              },
              "top" : {
                "letter" : "C",
                "side" : 0
              }
            },
            {
              "left" : {
                "letter" : "A",
                "side" : 1
              },
              "right" : {
                "letter" : "B",
                "side" : 2
              },
              "top" : {
                "letter" : "C",
                "side" : 0
              }
            }
          ]
        ],
        [
          [
            {
              "left" : {
                "letter" : "A",
                "side" : 1
              },
              "right" : {
                "letter" : "B",
                "side" : 2
              },
              "top" : {
                "letter" : "C",
                "side" : 0
              }
            },
            {
              "left" : {
                "letter" : "A",
                "side" : 1
              },
              "right" : {
                "letter" : "B",
                "side" : 2
              },
              "top" : {
                "letter" : "C",
                "side" : 0
              }
            },
            {
              "left" : {
                "letter" : "A",
                "side" : 1
              },
              "right" : {
                "letter" : "B",
                "side" : 2
              },
              "top" : {
                "letter" : "C",
                "side" : 0
              }
            }
          ],
          [
            {
              "left" : {
                "letter" : "A",
                "side" : 1
              },
              "right" : {
                "letter" : "B",
                "side" : 2
              },
              "top" : {
                "letter" : "C",
                "side" : 0
              }
            },
            {
              "left" : {
                "letter" : "A",
                "side" : 1
              },
              "right" : {
                "letter" : "B",
                "side" : 2
              },
              "top" : {
                "letter" : "C",
                "side" : 0
              }
            },
            {
              "left" : {
                "letter" : "A",
                "side" : 1
              },
              "right" : {
                "letter" : "B",
                "side" : 2
              },
              "top" : {
                "letter" : "C",
                "side" : 0
              }
            }
          ],
          [
            {
              "left" : {
                "letter" : "A",
                "side" : 1
              },
              "right" : {
                "letter" : "B",
                "side" : 2
              },
              "top" : {
                "letter" : "C",
                "side" : 0
              }
            },
            {
              "left" : {
                "letter" : "A",
                "side" : 1
              },
              "right" : {
                "letter" : "B",
                "side" : 2
              },
              "top" : {
                "letter" : "C",
                "side" : 0
              }
            },
            {
              "left" : {
                "letter" : "A",
                "side" : 1
              },
              "right" : {
                "letter" : "B",
                "side" : 2
              },
              "top" : {
                "letter" : "C",
                "side" : 0
              }
            }
          ]
        ]
      ]
    }
  },
  "moves" : [
    {
      "playedAt" : 256260690,
      "score" : 27,
      "type" : {
        "playedWord" : [
          {
            "index" : {
              "x" : 2,
              "y" : 2,
              "z" : 2
            },
            "side" : 0
          },
          {
            "index" : {
              "x" : 2,
              "y" : 2,
              "z" : 2
            },
            "side" : 1
          },
          {
            "index" : {
              "x" : 2,
              "y" : 2,
              "z" : 2
            },
            "side" : 2
          }
        ]
      }
    }
  ]
}

200 OK
Content-Length: 249
Content-Type: application/json
Referrer-Policy: strict-origin-when-cross-origin
X-Content-Type-Options: nosniff
X-Download-Options: noopen
X-Frame-Options: SAMEORIGIN
X-Permitted-Cross-Domain-Policies: none
X-XSS-Protection: 1; mode=block

{
  "solo" : {
    "ranks" : {
      "allTime" : {
        "outOf" : 1,
        "rank" : 1
      },
      "lastDay" : {
        "outOf" : 1,
        "rank" : 1
      },
      "lastWeek" : {
        "outOf" : 1,
        "rank" : 1
      }
    }
  }
}
