{
  "cubes" : [
    [
      [
        {
          "left" : {
            "letter" : "A",
            "side" : 1
          },
          "right" : {
            "letter" : "B",
            "side" : 2
          },
          "top" : {
            "letter" : "C",
            "side" : 0
          }
        },
        {
          "left" : {
            "letter" : "A",
            "side" : 1
          },
          "right" : {
            "letter" : "B",
            "side" : 2
          },
          "top" : {
            "letter" : "C",
            "side" : 0
          }
        },
        {
          "left" : {
            "letter" : "A",
            "side" : 1
          },
          "right" : {
            "letter" : "B",
            "side" : 2
          },
          "top" : {
            "letter" : "C",
            "side" : 0
          }
        }
      ],
      [
        {
          "left" : {
            "letter" : "A",
            "side" : 1
          },
          "right" : {
            "letter" : "B",
            "side" : 2
          },
          "top" : {
            "letter" : "C",
            "side" : 0
          }
        },
        {
          "left" : {
            "letter" : "A",
            "side" : 1
          },
          "right" : {
            "letter" : "B",
            "side" : 2
          },
          "top" : {
            "letter" : "C",
            "side" : 0
          }
        },
        {
          "left" : {
            "letter" : "A",
            "side" : 1
          },
          "right" : {
            "letter" : "B",
            "side" : 2
          },
          "top" : {
            "letter" : "C",
            "side" : 0
          }
        }
      ],
      [
        {
          "left" : {
            "letter" : "A",
            "side" : 1
          },
          "right" : {
            "letter" : "B",
            "side" : 2
          },
          "top" : {
            "letter" : "C",
            "side" : 0
          }
        },
        {
          "left" : {
            "letter" : "A",
            "side" : 1
          },
          "right" : {
            "letter" : "B",
            "side" : 2
          },
          "top" : {
            "letter" : "C",
            "side" : 0
          }
        },
        {
          "left" : {
            "letter" : "A",
            "side" : 1
          },
          "right" : {
            "letter" : "B",
            "side" : 2
          },
          "top" : {
            "letter" : "C",
            "side" : 0
          }
        }
      ]
    ],
    [
      [
        {
          "left" : {
            "letter" : "A",
            "side" : 1
          },
          "right" : {
            "letter" : "B",
            "side" : 2
          },
          "top" : {
            "letter" : "C",
            "side" : 0
          }
        },
        {
          "left" : {
            "letter" : "A",
            "side" : 1
          },
          "right" : {
            "letter" : "B",
            "side" : 2
          },
          "top" : {
            "letter" : "C",
            "side" : 0
          }
        },
        {
          "left" : {
            "letter" : "A",
            "side" : 1
          },
          "right" : {
            "letter" : "B",
            "side" : 2
          },
          "top" : {
            "letter" : "C",
            "side" : 0
          }
        }
      ],
      [
        {
          "left" : {
            "letter" : "A",
            "side" : 1
          },
          "right" : {
            "letter" : "B",
            "side" : 2
          },
          "top" : {
            "letter" : "C",
            "side" : 0
          }
        },
        {
          "left" : {
            "letter" : "A",
            "side" : 1
          },
          "right" : {
            "letter" : "B",
            "side" : 2
          },
          "top" : {
            "letter" : "C",
            "side" : 0
          }
        },
        {
          "left" : {
            "letter" : "A",
            "side" : 1
          },
          "right" : {
            "letter" : "B",
            "side" : 2
          },
          "top" : {
            "letter" : "C",
            "side" : 0
          }
        }
      ],
      [
        {
          "left" : {
            "letter" : "A",
            "side" : 1
          },
          "right" : {
            "letter" : "B",
            "side" : 2
          },
          "top" : {
            "letter" : "C",
            "side" : 0
          }
        },
        {
          "left" : {
            "letter" : "A",
            "side" : 1
          },
          "right" : {
            "letter" : "B",
            "side" : 2
          },
          "top" : {
            "letter" : "C",
            "side" : 0
          }
        },
        {
          "left" : {
            "letter" : "A",
            "side" : 1
          },
          "right" : {
            "letter" : "B",
            "side" : 2
          },
          "top" : {
            "letter" : "C",
            "side" : 0
          }
        }
      ]
    ],
    [
      [
        {
          "left" : {
            "letter" : "A",
            "side" : 1
          },
          "right" : {
            "letter" : "B",
            "side" : 2
          },
          "top" : {
            "letter" : "C",
            "side" : 0
          }
        },
        {
          "left" : {
            "letter" : "A",
            "side" : 1
          },
          "right" : {
            "letter" : "B",
            "side" : 2
          },
          "top" : {
            "letter" : "C",
            "side" : 0
          }
        },
        {
          "left" : {
            "letter" : "A",
            "side" : 1
          },
          "right" : {
            "letter" : "B",
            "side" : 2
          },
          "top" : {
            "letter" : "C",
            "side" : 0
          }
        }
      ],
      [
        {
          "left" : {
            "letter" : "A",
            "side" : 1
          },
          "right" : {
            "letter" : "B",
            "side" : 2
          },
          "top" : {
            "letter" : "C",
            "side" : 0
          }
        },
        {
          "left" : {
            "letter" : "A",
            "side" : 1
          },
          "right" : {
            "letter" : "B",
            "side" : 2
          },
          "top" : {
            "letter" : "C",
            "side" : 0
          }
        },
        {
          "left" : {
            "letter" : "A",
            "side" : 1
          },
          "right" : {
            "letter" : "B",
            "side" : 2
          },
          "top" : {
            "letter" : "C",
            "side" : 0
          }
        }
      ],
      [
        {
          "left" : {
            "letter" : "A",
            "side" : 1
          },
          "right" : {
            "letter" : "B",
            "side" : 2
          },
          "top" : {
            "letter" : "C",
            "side" : 0
          }
        },
        {
          "left" : {
            "letter" : "A",
            "side" : 1
          },
          "right" : {
            "letter" : "B",
            "side" : 2
          },
          "top" : {
            "letter" : "C",
            "side" : 0
          }
        },
        {
          "left" : {
            "letter" : "A",
            "side" : 1
          },
          "right" : {
            "letter" : "B",
            "side" : 2
          },
          "top" : {
            "letter" : "C",
            "side" : 0
          }
        }
      ]
    ]
  ],
  "gameMode" : "timed",
  "language" : "en",
  "metadata" : {
    "lastOpenedAt" : 1234567890,
    "playerIndexToId" : {
      "0" : "00000000-0000-0000-0000-000000000000",
      "1" : "00000000-0000-0000-0000-000000000001"
    }
  },
  "moves" : [
    {
      "playedAt" : 1234567890,
      "playerIndex" : 0,
      "reactions" : {
        "0" : "ðŸ˜‡"
      },
      "score" : 200,
      "type" : {
        "playedWord" : [

        ]
      }
    }
  ]
}